Neg09d.java:15:33: compiler.err.doesnt.exist: Neg09
1 error
