T6967002.java:10:22: compiler.err.expected2: ')', ','
1 error
