GuardsErrors.java:37:38: compiler.err.cant.ref.non.effectively.final.var: check, (compiler.misc.guard)
- compiler.note.preview.filename: GuardsErrors.java, DEFAULT
- compiler.note.preview.recompile
1 error
