PatternVariablesAreNonFinal.java:38:40: compiler.err.cant.ref.non.effectively.final.var: s, (compiler.misc.inner.cls)
1 error
