SimpleDeconstructionPattern.java:121:27: compiler.err.preview.feature.disabled.plural: (compiler.misc.feature.deconstruction.patterns)
1 error
