T8203436b.java:17:10: compiler.err.enclosing.class.type.non.denotable: T8203436b<java.lang.Object&T8203436b.A&T8203436b.B>
1 error
