- compiler.err.preview.feature.disabled.classfile: Bar.class, 20
1 error
