EmptyExceptionTest.java:15: warning: no description for @exception
     * @exception NullPointerException
       ^
1 warning
