EmptyAuthorTest.java:13: warning: no description for @author
 * @author
   ^
1 warning

