EmptySinceTest.java:15: warning: no description for @since
     * @since
       ^
1 warning
