EmptyVersionTest.java:15: warning: no description for @version
     * @version
       ^
1 warning
