UnfinishedInlineTagTest.java:14: error: unterminated inline tag
/**{@link List
              ^
1 error

