AnonStaticMember_1.java:13:20: compiler.err.icls.cant.have.static.decl: compiler.misc.anonymous.class: AnonStaticMember_1$1
1 error
