LocalInterface.java:10:9: compiler.err.intf.not.allowed.here
1 error
