DeduplicationDebugInfo.java:39:39: compiler.note.verbose.l2m.deduplicate: lambda$f$0(java.lang.Object)
