- compiler.warn.proc.messager: Duplicate annotation interface ``foo/Baz'' for processor TestRepeatedSupportedItems in its @SupportedAnnotationTypesannotation.
- compiler.warn.proc.messager: Duplicate annotation interface ``Baz'' for processor TestRepeatedSupportedItems in its @SupportedAnnotationTypesannotation.
- compiler.warn.proc.messager: Duplicate option value ``Foo'' for processor TestRepeatedSupportedItems in its @SupportedOptionsannotation.
3 warnings
