EnumSerial.java:9:1: compiler.warn.ineffectual.serial.field.enum: serialVersionUID
EnumSerial.java:9:1: compiler.warn.ineffectual.serial.field.enum: serialPersistentFields
EnumSerial.java:9:1: compiler.warn.ineffectual.serial.method.enum: writeObject
EnumSerial.java:9:1: compiler.warn.ineffectual.serial.method.enum: writeReplace
EnumSerial.java:9:1: compiler.warn.ineffectual.serial.method.enum: readObject
EnumSerial.java:9:1: compiler.warn.ineffectual.serial.method.enum: readObjectNoData
EnumSerial.java:9:1: compiler.warn.ineffectual.serial.method.enum: readResolve
7 warnings
