Extern.java:9:1: compiler.warn.externalizable.missing.public.no.arg.ctor
Extern.java:9:1: compiler.warn.ineffectual.serial.field.externalizable
Extern.java:9:1: compiler.warn.ineffectual.serial.method.externalizable: readObject
Extern.java:9:1: compiler.warn.ineffectual.serial.method.externalizable: writeObject
Extern.java:9:1: compiler.warn.ineffectual.serial.method.externalizable: readObjectNoData
5 warnings
