InterfaceFields.java:10:29: compiler.warn.long.SVUID: InterfaceFields
InterfaceFields.java:12:45: compiler.warn.ineffectual.serial.field.interface
2 warnings
