MissingSuperRecovery.java:15:43: compiler.err.cant.access: base, (compiler.misc.class.file.not.found: base)
1 error
