T8255968_1.java:32:25: compiler.err.report.access: T8255968_1_Test(int), private, T8255968_1_Test
1 error
